// Vitest Snapshot v1, https://vitest.dev/guide/snapshot.html

exports[`NotificationsPage > matches the snapshot for the notifications list 1`] = `
<DocumentFragment>
  <div
    class="space-y-6"
  >
    <div
      class="flex flex-wrap items-center justify-between gap-4"
    >
      <div>
        <h1
          class="text-2xl font-semibold tracking-tight"
        >
          Notifications
        </h1>
        <p
          class="text-sm text-muted-foreground"
        >
          Review the latest alerts and updates across your workspaces.
        </p>
      </div>
      <div
        class="flex flex-col items-end gap-2 sm:flex-row sm:items-center"
      >
        <div
          aria-label="Filter notifications"
          class="flex items-center gap-2"
          role="group"
        >
          <button
            aria-pressed="true"
            class="inline-flex items-center justify-center whitespace-nowrap text-sm font-medium transition-colors focus-visible:outline-none focus-visible:ring-2 focus-visible:ring-ring focus-visible:ring-offset-2 disabled:pointer-events-none disabled:opacity-50 bg-primary text-primary-foreground hover:bg-primary/90 h-9 rounded-md px-3"
            data-testid="notifications-filter-all"
            type="button"
          >
            All
          </button>
          <button
            aria-pressed="false"
            class="inline-flex items-center justify-center whitespace-nowrap text-sm font-medium transition-colors focus-visible:outline-none focus-visible:ring-2 focus-visible:ring-ring focus-visible:ring-offset-2 disabled:pointer-events-none disabled:opacity-50 border border-input bg-background hover:bg-accent hover:text-accent-foreground h-9 rounded-md px-3"
            data-testid="notifications-filter-unread"
            type="button"
          >
            Unread
          </button>
          <button
            aria-pressed="false"
            class="inline-flex items-center justify-center whitespace-nowrap text-sm font-medium transition-colors focus-visible:outline-none focus-visible:ring-2 focus-visible:ring-ring focus-visible:ring-offset-2 disabled:pointer-events-none disabled:opacity-50 border border-input bg-background hover:bg-accent hover:text-accent-foreground h-9 rounded-md px-3"
            data-testid="notifications-filter-mentions"
            type="button"
          >
            Mentions
          </button>
        </div>
        <span
          class="text-sm text-muted-foreground"
        >
          Unread: 1
        </span>
        <button
          class="inline-flex items-center justify-center whitespace-nowrap text-sm font-medium transition-colors focus-visible:outline-none focus-visible:ring-2 focus-visible:ring-ring focus-visible:ring-offset-2 disabled:pointer-events-none disabled:opacity-50 border border-input bg-background hover:bg-accent hover:text-accent-foreground h-9 rounded-md px-3"
        >
          Mark all as read
        </button>
      </div>
    </div>
    <div
      class="space-y-4"
    >
      <ul
        class="space-y-4"
        role="list"
      >
        <li
          class="rounded-lg border px-4 py-3 transition border-primary/30 bg-primary/5"
        >
          <div
            class="flex flex-col gap-3"
          >
            <div
              class="flex flex-col gap-1 sm:flex-row sm:items-start sm:justify-between"
            >
              <div>
                <p
                  class="text-base font-semibold text-foreground"
                >
                  System update
                </p>
                <p
                  class="text-sm text-muted-foreground"
                >
                  We shipped new features.
                </p>
              </div>
              <span
                aria-hidden="true"
                class="flex h-2 w-2 shrink-0 rounded-full bg-primary"
              />
            </div>
            <div
              class="flex flex-col gap-3 text-xs text-muted-foreground"
            >
              <div
                class="flex flex-wrap items-center justify-between gap-3"
              >
                <time
                  datetime="2024-01-20T10:00:00.000Z"
                >
                  1/20/2024, 10:00:00 AM
                </time>
                <button
                  class="inline-flex items-center justify-center whitespace-nowrap text-sm font-medium transition-colors focus-visible:outline-none focus-visible:ring-2 focus-visible:ring-ring focus-visible:ring-offset-2 disabled:pointer-events-none disabled:opacity-50 text-primary underline-offset-4 hover:underline h-9 rounded-md px-3"
                >
                  Mark as read
                </button>
              </div>
            </div>
          </div>
        </li>
      </ul>
      <div
        class="h-px w-full"
        data-testid="notifications-load-more-sentinel"
      />
    </div>
  </div>
</DocumentFragment>
`;
